C51 COMPILER V7.08   RESET                                                                 04/11/2016 13:25:18 PAGE 1   


C51 COMPILER V7.08, COMPILATION OF MODULE RESET
OBJECT MODULE PLACED IN reset.OBJ
COMPILER INVOKED BY: C:\Keil\C51\BIN\C51.EXE reset.c LARGE BROWSE DEBUG OBJECTEXTEND

line level    source

   1          /***************************************************
   2          * 描述：
   3                 复位函数
   4          * 功能：
   5          *      将时间，探头个数，参数设置返回到初始化状态；
   6          
   7          ****************************************************/
   8          #include "STC12C5A60S2.h"
   9          #include "intrins.h"
  10          #include "config.h" 
  11          #include "absacc.h"
  12          
  13          void ReSet()
  14          {
  15   1               Clear();
  16   1               Lcd_Clear(); 
  17   1               Txtext(188,216,"重 新 设 置"); 
  18   1               IE0 = 0;                                     //将外部中断0清0    
  19   1               ES = 0;                                      //禁止串口中断
  20   1               IE2 = 0x00;                                  //禁止串口2中断
  21   1               Incdata = YuThouth[0];
  22   1               Incdataright = 1;                                                              //右移按键增加标志?
  23   1               Inctime = 1;                                 //时间按键增加标志
  24   1               Incinput = 8 ;                               //默认显示探头个数为8个
  25   1               Redrawtime = 60;                             //默认刷新时间为60秒
  26   1               wb = 1;
  27   1           xh = 1;
  28   1               bz = 1;
  29   1               Flag_RefrInput = 0;
  30   1               Flag_RefrPara = 0;
  31   1               Flag_RefrRight = 0;
  32   1               Flag_RefrTime = 0;
  33   1               EX0 = 1;
  34   1      }                    


MODULE INFORMATION:   STATIC OVERLAYABLE
   CODE SIZE        =     83    ----
   CONSTANT SIZE    =     12    ----
   XDATA SIZE       =   ----    ----
   PDATA SIZE       =   ----    ----
   DATA SIZE        =   ----    ----
   IDATA SIZE       =   ----    ----
   BIT SIZE         =   ----    ----
END OF MODULE INFORMATION.


C51 COMPILATION COMPLETE.  0 WARNING(S),  0 ERROR(S)
